FM_TEST_BEGIN 2026-09-21T15:45:58Z tests/fm-bearings-board.test.sh family=pure-contract-unit expected_gate_skip=none
ok - path prints the stable home-scoped board location
ok - build refuses malformed payloads before touching the board
ok - charted kind is optional and accepts queued and warning
ok - build injects the payload, binds any-origin, then arms the source
not-autohandled: lavish-fca9c0cf5ea8cbd7 (left for the handler; still unacknowledged)
ok - registration can consume answers only after any-origin binding exists
ok - build establishes the Lavish session before binding and arming
ok - rebuild refreshes the board in place without double-arming
ok - build refuses a template without exactly one data slot
ok - a board build reopens a session the captain ended instead of arming a dead one
ok - build reopens a session that ends between establish and listing
ok - build refuses to arm a poll on a session that stays ended
ok - a rebuild starts a listener when an already-armed board has none
ok - build drops decision cards whose subject already landed and keeps open ones
ok - build keeps remote decisions absent from the main backlog
ok - build fails when reconcile cannot prove a live listener
ok - every decision card carries exactly one reconcile choice
ok - build refuses a payload that occupies the reserved reconcile value
ok - build reserves reconcile across non-decision cards
FM_TEST_END 2026-09-21T15:46:52Z tests/fm-bearings-board.test.sh exit=0 duration_ms=54322 gate_skip=false
FM_TEST_SUMMARY total=1 failed=0 skipped_gate=0 duration_ms=54391
FM_TEST_SUMMARY_FAMILY family=pure-contract-unit count=1 duration_ms=54322 failed=0
FM_TEST_SLOWEST rank=1 script=tests/fm-bearings-board.test.sh duration_ms=54322
EXIT=0
